// Jest Snapshot v1, https://goo.gl/fbAQLP

exports[`renders correctly 1`] = `
<form>
  <input
    className="sc-bdnylx hkA-DPN"
    placeholder="digite aqui"
  />
</form>
`;
